c:\guna\aug4\sdk\core\lvgl\lvgl\src\misc\lv_color.h:439:48:lv_color_mix	32	static
c:\guna\aug4\sdk\core\lvgl\lvgl\src\misc\lv_color.h:595:26:lv_color_make	16	static
c:\guna\aug4\sdk\core\lvgl\lvgl\src\misc\lv_color.h:600:26:lv_color_hex	24	static
c:\guna\aug4\sdk\core\lvgl\lvgl\src\misc\lv_color.h:640:20:lv_color_filter_dsc_init	16	static
c:\guna\aug4\sdk\core\lvgl\lvgl\src\misc\lv_color.h:696:26:lv_color_white	8	static
c:\guna\aug4\sdk\core\lvgl\lvgl\src\misc\lv_style.h:530:20:lv_style_set_pad_all	16	static
c:\guna\aug4\sdk\core\lvgl\lvgl\src\misc\lv_style.h:538:20:lv_style_set_pad_hor	16	static
c:\guna\aug4\sdk\core\lvgl\lvgl\src\misc\lv_style.h:544:20:lv_style_set_pad_ver	16	static
c:\guna\aug4\sdk\core\lvgl\lvgl\src\misc\lv_style.h:550:20:lv_style_set_pad_gap	16	static
c:\guna\aug4\sdk\core\lvgl\lvgl\src/core/lv_disp.h:255:26:lv_disp_dpx	16	static
C:/Guna/AUG4/sdk/Core/lvgl/lvgl/src/extra/themes/default/lv_theme_default.c:204:19:dark_color_filter_cb	24	static
C:/Guna/AUG4/sdk/Core/lvgl/lvgl/src/extra/themes/default/lv_theme_default.c:210:19:grey_filter_cb	24	static
C:/Guna/AUG4/sdk/Core/lvgl/lvgl/src/extra/themes/default/lv_theme_default.c:217:13:style_init	32	static
C:/Guna/AUG4/sdk/Core/lvgl/lvgl/src/extra/themes/default/lv_theme_default.c:695:14:lv_theme_default_init	24	static
C:/Guna/AUG4/sdk/Core/lvgl/lvgl/src/extra/themes/default/lv_theme_default.c:730:14:lv_theme_default_get	8	static
C:/Guna/AUG4/sdk/Core/lvgl/lvgl/src/extra/themes/default/lv_theme_default.c:739:6:lv_theme_default_is_inited	4	static
C:/Guna/AUG4/sdk/Core/lvgl/lvgl/src/extra/themes/default/lv_theme_default.c:745:13:theme_apply	16	static
C:/Guna/AUG4/sdk/Core/lvgl/lvgl/src/extra/themes/default/lv_theme_default.c:1259:13:style_init_reset	16	static
