C:/Guna/AUG4/sdk/Core/drivers/fsl_clock.h:2094:20:CLOCK_ControlGate	16	static
C:/Guna/AUG4/sdk/Core/drivers/fsl_clock.h:2113:20:CLOCK_EnableClock	16	static
C:/Guna/AUG4/sdk/Core/drivers/fsl_clock.h:2123:20:CLOCK_DisableClock	16	static
C:/Guna/AUG4/sdk/Core/drivers/fsl_pxp.h:1157:20:PXP_Start	16	static
C:/Guna/AUG4/sdk/Core/drivers/fsl_pxp.h:1289:24:PXP_GetStatusFlags	24	static
C:/Guna/AUG4/sdk/Core/drivers/fsl_pxp.h:1313:20:PXP_ClearStatusFlags	16	static
C:/Guna/AUG4/sdk/Core/drivers/fsl_pxp.h:1368:20:PXP_EnableInterrupts	16	static
C:/Guna/AUG4/sdk/Core/drivers/fsl_pxp.h:1494:20:PXP_EnableAlphaSurfaceOverlayColorKey	16	static
C:/Guna/AUG4/sdk/Core/drivers/fsl_pxp.h:1557:20:PXP_SetProcessSurfaceBackGroundColor	16	static
C:/Guna/AUG4/sdk/Core/drivers/fsl_pxp.h:1903:20:PXP_EnableCsc1	16	static
C:/Guna/AUG4/sdk/Core/drivers/fsl_pxp.c:175:17:PXP_GetInstance	24	static
C:/Guna/AUG4/sdk/Core/drivers/fsl_pxp.c:234:13:PXP_GetScalerParam	32	static
C:/Guna/AUG4/sdk/Core/drivers/fsl_pxp.c:277:6:PXP_ResetControl	24	static
C:/Guna/AUG4/sdk/Core/drivers/fsl_pxp.c:311:6:PXP_Init	32	static
C:/Guna/AUG4/sdk/Core/drivers/fsl_pxp.c:335:6:PXP_Deinit	24	static
C:/Guna/AUG4/sdk/Core/drivers/fsl_pxp.c:350:6:PXP_Reset	16	static
C:/Guna/AUG4/sdk/Core/drivers/fsl_pxp.c:362:6:PXP_SetAlphaSurfaceBufferConfig	16	static
C:/Guna/AUG4/sdk/Core/drivers/fsl_pxp.c:378:6:PXP_SetAlphaSurfaceBlendConfig	24	static
C:/Guna/AUG4/sdk/Core/drivers/fsl_pxp.c:432:6:PXP_SetAlphaSurfacePosition	24	static
C:/Guna/AUG4/sdk/Core/drivers/fsl_pxp.c:490:6:PXP_SetAlphaSurfaceOverlayColorKey	24	static
C:/Guna/AUG4/sdk/Core/drivers/fsl_pxp.c:503:6:PXP_SetProcessSurfaceBufferConfig	16	static
C:/Guna/AUG4/sdk/Core/drivers/fsl_pxp.c:527:6:PXP_SetProcessSurfaceScaler	40	static
C:/Guna/AUG4/sdk/Core/drivers/fsl_pxp.c:551:6:PXP_SetProcessSurfacePosition	24	static
C:/Guna/AUG4/sdk/Core/drivers/fsl_pxp.c:601:6:PXP_SetProcessSurfaceColorKey	24	static
C:/Guna/AUG4/sdk/Core/drivers/fsl_pxp.c:614:6:PXP_SetOutputBufferConfig	16	static
C:/Guna/AUG4/sdk/Core/drivers/fsl_pxp.c:648:6:PXP_BuildRect	72	static
C:/Guna/AUG4/sdk/Core/drivers/fsl_pxp.c:749:6:PXP_SetNextCommand	24	static
C:/Guna/AUG4/sdk/Core/drivers/fsl_pxp.c:817:6:PXP_SetCsc1Mode	16	static
C:/Guna/AUG4/sdk/Core/drivers/fsl_pxp.c:1059:6:PXP_SetPorterDuffConfig	24	static
C:/Guna/AUG4/sdk/Core/drivers/fsl_pxp.c:1098:10:PXP_GetPorterDuffConfigExt	24	static
C:/Guna/AUG4/sdk/Core/drivers/fsl_pxp.c:1193:13:PXP_StartRectCopy	72	static
C:/Guna/AUG4/sdk/Core/drivers/fsl_pxp.c:1260:10:PXP_StartPictureCopy	56	static
C:/Guna/AUG4/sdk/Core/drivers/fsl_pxp.c:1300:10:PXP_StartMemCopy	48	static
C:/Guna/AUG4/sdk/Core/drivers/fsl_pxp.c:1343:10:PXP_MemCopy	56	static
