C:/Guna/AUG4/sdk/Core/drivers/fsl_clock.h:1987:24:CLOCK_GetRootClockMux	16	static
C:/Guna/AUG4/sdk/Core/drivers/fsl_clock.h:2028:24:CLOCK_GetRootClockDiv	16	static
C:/Guna/AUG4/sdk/Core/drivers/fsl_clock.h:2094:20:CLOCK_ControlGate	16	static
C:/Guna/AUG4/sdk/Core/drivers/fsl_clock.h:2113:20:CLOCK_EnableClock	16	static
C:/Guna/AUG4/sdk/Core/drivers/fsl_clock.h:2156:24:CLOCK_GetRootClockFreq	32	static
C:/Guna/AUG4/sdk/Core/drivers/fsl_clock.h:2170:24:CLOCK_GetM7Freq	8	static
C:/Guna/AUG4/sdk/Core/drivers/fsl_clock.h:3062:20:CLOCK_ROOT_ControlByUnassignedMode	16	static
C:/Guna/AUG4/sdk/Core/drivers/fsl_clock.h:3077:20:CLOCK_ROOT_ConfigSetPoint	24	static
C:/Guna/AUG4/sdk/Core/drivers/fsl_clock.h:3096:20:CLOCK_ROOT_EnableSetPointControl	16	static
C:/Guna/AUG4/sdk/Core/drivers/fsl_clock.c:203:6:CLOCK_InitArmPll	24	static
C:/Guna/AUG4/sdk/Core/drivers/fsl_clock.c:263:6:CLOCK_DeinitArmPll	16	static
C:/Guna/AUG4/sdk/Core/drivers/fsl_clock.c:272:6:CLOCK_CalcPllSpreadSpectrum	24	static
C:/Guna/AUG4/sdk/Core/drivers/fsl_clock.c:281:6:CLOCK_InitSysPll2	24	static
C:/Guna/AUG4/sdk/Core/drivers/fsl_clock.c:363:6:CLOCK_DeinitSysPll2	4	static
C:/Guna/AUG4/sdk/Core/drivers/fsl_clock.c:385:6:CLOCK_IsSysPll2PfdEnabled	16	static
C:/Guna/AUG4/sdk/Core/drivers/fsl_clock.c:393:6:CLOCK_InitPfd	40	static
C:/Guna/AUG4/sdk/Core/drivers/fsl_clock.c:448:6:CLOCK_DeinitPfd	24	static
C:/Guna/AUG4/sdk/Core/drivers/fsl_clock.c:477:10:CLOCK_GetPfdFreq	24	static
C:/Guna/AUG4/sdk/Core/drivers/fsl_clock.c:529:6:CLOCK_InitSysPll3	8	static
C:/Guna/AUG4/sdk/Core/drivers/fsl_clock.c:580:6:CLOCK_DeinitSysPll3	4	static
C:/Guna/AUG4/sdk/Core/drivers/fsl_clock.c:600:6:CLOCK_IsSysPll3PfdEnabled	16	static
C:/Guna/AUG4/sdk/Core/drivers/fsl_clock.c:606:6:CLOCK_SetPllBypass	16	static
C:/Guna/AUG4/sdk/Core/drivers/fsl_clock.c:637:13:ANATOP_PllSetPower	16	static
C:/Guna/AUG4/sdk/Core/drivers/fsl_clock.c:643:13:ANATOP_PllBypass	16	static
C:/Guna/AUG4/sdk/Core/drivers/fsl_clock.c:648:13:ANATOP_PllEnablePllReg	16	static
C:/Guna/AUG4/sdk/Core/drivers/fsl_clock.c:653:13:ANATOP_PllHoldRingOff	16	static
C:/Guna/AUG4/sdk/Core/drivers/fsl_clock.c:658:13:ANATOP_PllToggleHoldRingOff	16	static
C:/Guna/AUG4/sdk/Core/drivers/fsl_clock.c:665:13:ANATOP_PllEnableSs	16	static
C:/Guna/AUG4/sdk/Core/drivers/fsl_clock.c:670:13:ANATOP_PllEnableClk	16	static
C:/Guna/AUG4/sdk/Core/drivers/fsl_clock.c:675:13:ANATOP_PllConfigure	24	static
C:/Guna/AUG4/sdk/Core/drivers/fsl_clock.c:700:13:ANATOP_AudioPllGate	16	static
C:/Guna/AUG4/sdk/Core/drivers/fsl_clock.c:712:13:ANATOP_AudioPllSwEnClk	16	static
C:/Guna/AUG4/sdk/Core/drivers/fsl_clock.c:724:10:CLOCK_InitAudioPllWithFreq	48	static
C:/Guna/AUG4/sdk/Core/drivers/fsl_clock.c:743:6:CLOCK_InitAudioPll	40	static
C:/Guna/AUG4/sdk/Core/drivers/fsl_clock.c:794:6:CLOCK_DeinitAudioPll	8	static
C:/Guna/AUG4/sdk/Core/drivers/fsl_clock.c:804:6:CLOCK_GPC_SetAudioPllOutputFreq	16	static
C:/Guna/AUG4/sdk/Core/drivers/fsl_clock.c:820:13:ANATOP_VideoPllGate	16	static
C:/Guna/AUG4/sdk/Core/drivers/fsl_clock.c:832:13:ANATOP_VideoPllSwEnClk	16	static
C:/Guna/AUG4/sdk/Core/drivers/fsl_clock.c:844:10:CLOCK_CalcArmPllFreq	24	static
C:/Guna/AUG4/sdk/Core/drivers/fsl_clock.c:892:10:CLOCK_InitArmPllWithFreq	24	static
C:/Guna/AUG4/sdk/Core/drivers/fsl_clock.c:903:10:CLOCK_CalcAvPllFreq	24	static
C:/Guna/AUG4/sdk/Core/drivers/fsl_clock.c:973:10:CLOCK_InitVideoPllWithFreq	48	static
C:/Guna/AUG4/sdk/Core/drivers/fsl_clock.c:992:6:CLOCK_InitVideoPll	40	static
C:/Guna/AUG4/sdk/Core/drivers/fsl_clock.c:1043:6:CLOCK_DeinitVideoPll	8	static
C:/Guna/AUG4/sdk/Core/drivers/fsl_clock.c:1053:6:CLOCK_GPC_SetVideoPllOutputFreq	16	static
C:/Guna/AUG4/sdk/Core/drivers/fsl_clock.c:1070:13:ANATOP_SysPll1Gate	16	static
C:/Guna/AUG4/sdk/Core/drivers/fsl_clock.c:1082:13:ANATOP_SysPll1Div2En	16	static
C:/Guna/AUG4/sdk/Core/drivers/fsl_clock.c:1094:13:ANATOP_SysPll1Div5En	16	static
C:/Guna/AUG4/sdk/Core/drivers/fsl_clock.c:1106:13:ANATOP_SysPll1SwEnClk	16	static
C:/Guna/AUG4/sdk/Core/drivers/fsl_clock.c:1118:13:ANATOP_SysPll1WaitStable	16	static
C:/Guna/AUG4/sdk/Core/drivers/fsl_clock.c:1129:6:CLOCK_InitSysPll1	40	static
C:/Guna/AUG4/sdk/Core/drivers/fsl_clock.c:1168:6:CLOCK_DeinitSysPll1	8	static
C:/Guna/AUG4/sdk/Core/drivers/fsl_clock.c:1180:6:CLOCK_GPC_SetSysPll1OutputFreq	16	static
C:/Guna/AUG4/sdk/Core/drivers/fsl_clock.c:1197:6:CLOCK_OSC_EnableOsc24M	4	static
C:/Guna/AUG4/sdk/Core/drivers/fsl_clock.c:1215:6:CLOCK_OSC_SetOsc24MWorkMode	24	static
C:/Guna/AUG4/sdk/Core/drivers/fsl_clock.c:1237:6:CLOCK_OSC_SetOsc16MConfig	24	static
C:/Guna/AUG4/sdk/Core/drivers/fsl_clock.c:1256:6:CLOCK_OSC_SetOscRc400MRefClkDiv	24	static
C:/Guna/AUG4/sdk/Core/drivers/fsl_clock.c:1271:6:CLOCK_OSC_SetOscRc400MFastClkCount	24	static
C:/Guna/AUG4/sdk/Core/drivers/fsl_clock.c:1290:6:CLOCK_OSC_SetOscRc400MHysteresisValue	24	static
C:/Guna/AUG4/sdk/Core/drivers/fsl_clock.c:1308:6:CLOCK_OSC_BypassOscRc400MTuneLogic	16	static
C:/Guna/AUG4/sdk/Core/drivers/fsl_clock.c:1327:6:CLOCK_OSC_EnableOscRc400MTuneLogic	16	static
C:/Guna/AUG4/sdk/Core/drivers/fsl_clock.c:1346:6:CLOCK_OSC_FreezeOscRc400MTuneValue	16	static
C:/Guna/AUG4/sdk/Core/drivers/fsl_clock.c:1363:6:CLOCK_OSC_SetOscRc400MTuneValue	24	static
C:/Guna/AUG4/sdk/Core/drivers/fsl_clock.c:1381:6:CLOCK_OSC_Set1MHzOutputBehavior	24	static
C:/Guna/AUG4/sdk/Core/drivers/fsl_clock.c:1408:6:CLOCK_OSC_SetLocked1MHzCount	32	static
C:/Guna/AUG4/sdk/Core/drivers/fsl_clock.c:1435:6:CLOCK_OSC_CheckLocked1MHzErrorFlag	16	static
C:/Guna/AUG4/sdk/Core/drivers/fsl_clock.c:1447:6:CLOCK_OSC_ClearLocked1MHzErrorFlag	8	static
C:/Guna/AUG4/sdk/Core/drivers/fsl_clock.c:1457:10:CLOCK_OSC_GetCurrentOscRc400MFastClockCount	16	static
C:/Guna/AUG4/sdk/Core/drivers/fsl_clock.c:1471:9:CLOCK_OSC_GetCurrentOscRc400MTuneValue	16	static
C:/Guna/AUG4/sdk/Core/drivers/fsl_clock.c:1481:17:CLOCK_GetAvPllFreq	56	static
C:/Guna/AUG4/sdk/Core/drivers/fsl_clock.c:1505:10:CLOCK_GetPllFreq	32	static
C:/Guna/AUG4/sdk/Core/drivers/fsl_clock.c:1578:10:CLOCK_GetFreq	24	static
C:/Guna/AUG4/sdk/Core/drivers/fsl_clock.c:1689:6:CLOCK_SetGroupConfig	16	static
C:/Guna/AUG4/sdk/Core/drivers/fsl_clock.c:1698:6:CLOCK_OSC_TrimOscRc400M	16	static
C:/Guna/AUG4/sdk/Core/drivers/fsl_clock.c:1710:6:CLOCK_OSC_EnableOscRc400M	4	static
C:/Guna/AUG4/sdk/Core/drivers/fsl_clock.c:1716:10:CLOCK_GetFreqFromObs	16	static
C:/Guna/AUG4/sdk/Core/drivers/fsl_clock.c:1745:6:CLOCK_EnableUsbhs0Clock	16	static
C:/Guna/AUG4/sdk/Core/drivers/fsl_clock.c:1758:6:CLOCK_EnableUsbhs0PhyPllClock	24	static
C:/Guna/AUG4/sdk/Core/drivers/fsl_clock.c:1855:6:CLOCK_DisableUsbhs0PhyPllClock	4	static
C:/Guna/AUG4/sdk/Core/drivers/fsl_clock.c:1860:6:CLOCK_EnableUsbhs1Clock	16	static
C:/Guna/AUG4/sdk/Core/drivers/fsl_clock.c:1864:6:CLOCK_EnableUsbhs1PhyPllClock	24	static
C:/Guna/AUG4/sdk/Core/drivers/fsl_clock.c:1949:6:CLOCK_DisableUsbhs1PhyPllClock	4	static
C:/Guna/AUG4/sdk/Core/drivers/fsl_clock.c:1955:6:CLOCK_OSCPLL_ControlBySetPointMode	16	static
C:/Guna/AUG4/sdk/Core/drivers/fsl_clock.c:1966:6:CLOCK_OSCPLL_ControlByCpuLowPowerMode	16	static
C:/Guna/AUG4/sdk/Core/drivers/fsl_clock.c:1983:6:CLOCK_ROOT_ControlBySetPointMode	24	static
C:/Guna/AUG4/sdk/Core/drivers/fsl_clock.c:1998:6:CLOCK_LPCG_ControlBySetPointMode	16	static
C:/Guna/AUG4/sdk/Core/drivers/fsl_clock.c:2009:6:CLOCK_LPCG_ControlByCpuLowPowerMode	16	static
