C:/Guna/AUG4/sdk/Core/vglite/font/rle_font_read.c:114:17:vg_lite_register_font	32	static
C:/Guna/AUG4/sdk/Core/vglite/font/rle_font_read.c:172:5:vg_lite_is_font_valid	16	static
C:/Guna/AUG4/sdk/Core/vglite/font/rle_font_read.c:181:5:vg_lite_is_vector_font	16	static
C:/Guna/AUG4/sdk/Core/vglite/font/rle_font_read.c:193:17:vg_lite_unregister_font	16	static
C:/Guna/AUG4/sdk/Core/vglite/font/rle_font_read.c:205:7:vg_lite_get_font_name	16	static
C:/Guna/AUG4/sdk/Core/vglite/font/rle_font_read.c:214:17:vg_lite_free_font_memory	16	static
C:/Guna/AUG4/sdk/Core/vglite/font/rle_font_read.c:238:19:_vg_lite_get_vector_font	16	static
C:/Guna/AUG4/sdk/Core/vglite/font/rle_font_read.c:247:19:_vg_lite_get_raster_font	16	static
C:/Guna/AUG4/sdk/Core/vglite/font/rle_font_read.c:256:17:vg_lite_load_font_data	16	static
C:/Guna/AUG4/sdk/Core/vglite/font/rle_font_read.c:297:16:vg_lite_find_font	40	static
C:/Guna/AUG4/sdk/Core/vglite/font/rle_font_read.c:385:6:vg_lite_text_init	8	static
C:/Guna/AUG4/sdk/Core/vglite/font/rle_font_read.c:398:5:read_char	16	static
C:/Guna/AUG4/sdk/Core/vglite/font/rle_font_read.c:407:5:read_8b	16	static
C:/Guna/AUG4/sdk/Core/vglite/font/rle_font_read.c:416:5:read_16b	24	static
C:/Guna/AUG4/sdk/Core/vglite/font/rle_font_read.c:432:5:read_32b	24	static
C:/Guna/AUG4/sdk/Core/vglite/font/rle_font_read.c:450:5:read_16b_blob	32	static
C:/Guna/AUG4/sdk/Core/vglite/font/rle_font_read.c:473:5:read_8b_blob	32	static
C:/Guna/AUG4/sdk/Core/vglite/font/rle_font_read.c:508:5:read_rle_font_header	40	static
C:/Guna/AUG4/sdk/Core/vglite/font/rle_font_read.c:607:5:read_rle_font_from_buffer	64	static
C:/Guna/AUG4/sdk/Core/vglite/font/rle_font_read.c:671:5:load_raster_font	32	static
C:/Guna/AUG4/sdk/Core/vglite/font/rle_font_read.c:705:5:free_rle_font_memory	24	static
C:/Guna/AUG4/sdk/Core/vglite/font/rle_font_read.c:731:6:vg_lite_unload_font_data	16	static
