C:/Guna/AUG4/sdk/Core/vglite/font/vft_draw.c:78:7:_mem_allocate	24	static
C:/Guna/AUG4/sdk/Core/vglite/font/vft_draw.c:104:6:_mem_free	16	static
C:/Guna/AUG4/sdk/Core/vglite/font/vft_draw.c:110:6:glyph_cache_init	8	static
C:/Guna/AUG4/sdk/Core/vglite/font/vft_draw.c:118:6:glyph_cache_free	16	static
C:/Guna/AUG4/sdk/Core/vglite/font/vft_draw.c:138:17:vft_cache_lookup	32	static
C:/Guna/AUG4/sdk/Core/vglite/font/vft_draw.c:188:5:vg_lite_vtf_draw_text	136	static
C:/Guna/AUG4/sdk/Core/vglite/font/vft_draw.c:323:6:load_font_face	32	static
C:/Guna/AUG4/sdk/Core/vglite/font/vft_draw.c:336:6:load_glyph_table	40	static
C:/Guna/AUG4/sdk/Core/vglite/font/vft_draw.c:366:19:vft_load_from_buffer	48	static
C:/Guna/AUG4/sdk/Core/vglite/font/vft_draw.c:440:15:vft_find_glyph	32	static
C:/Guna/AUG4/sdk/Core/vglite/font/vft_draw.c:458:5:vft_glyph_distance	40	static
C:/Guna/AUG4/sdk/Core/vglite/font/vft_draw.c:479:14:vft_get_glyph_path	16	static
C:/Guna/AUG4/sdk/Core/vglite/font/vft_draw.c:485:6:vft_unload	16	static
C:/Guna/AUG4/sdk/Core/vglite/font/vft_draw.c:502:5:vft_get_mbc_char	32	static
