C:/Guna/AUG4/sdk/Core/lvgl/lvgl/src/misc/lv_fs.c:41:6:_lv_fs_init	8	static
C:/Guna/AUG4/sdk/Core/lvgl/lvgl/src/misc/lv_fs.c:46:6:lv_fs_is_ready	24	static
C:/Guna/AUG4/sdk/Core/lvgl/lvgl/src/misc/lv_fs.c:57:13:lv_fs_open	40	static
C:/Guna/AUG4/sdk/Core/lvgl/lvgl/src/misc/lv_fs.c:109:13:lv_fs_close	24	static
C:/Guna/AUG4/sdk/Core/lvgl/lvgl/src/misc/lv_fs.c:136:20:lv_fs_read_cached	80	static
C:/Guna/AUG4/sdk/Core/lvgl/lvgl/src/misc/lv_fs.c:209:13:lv_fs_read	48	static
C:/Guna/AUG4/sdk/Core/lvgl/lvgl/src/misc/lv_fs.c:230:13:lv_fs_write	48	static
C:/Guna/AUG4/sdk/Core/lvgl/lvgl/src/misc/lv_fs.c:249:13:lv_fs_seek	40	static
C:/Guna/AUG4/sdk/Core/lvgl/lvgl/src/misc/lv_fs.c:304:13:lv_fs_tell	24	static
C:/Guna/AUG4/sdk/Core/lvgl/lvgl/src/misc/lv_fs.c:328:13:lv_fs_dir_open	32	static
C:/Guna/AUG4/sdk/Core/lvgl/lvgl/src/misc/lv_fs.c:362:13:lv_fs_dir_read	24	static
C:/Guna/AUG4/sdk/Core/lvgl/lvgl/src/misc/lv_fs.c:379:13:lv_fs_dir_close	24	static
C:/Guna/AUG4/sdk/Core/lvgl/lvgl/src/misc/lv_fs.c:397:6:lv_fs_drv_init	16	static
C:/Guna/AUG4/sdk/Core/lvgl/lvgl/src/misc/lv_fs.c:402:6:lv_fs_drv_register	24	static
C:/Guna/AUG4/sdk/Core/lvgl/lvgl/src/misc/lv_fs.c:413:15:lv_fs_get_drv	24	static
C:/Guna/AUG4/sdk/Core/lvgl/lvgl/src/misc/lv_fs.c:426:8:lv_fs_get_letters	24	static
C:/Guna/AUG4/sdk/Core/lvgl/lvgl/src/misc/lv_fs.c:441:14:lv_fs_get_ext	24	static
C:/Guna/AUG4/sdk/Core/lvgl/lvgl/src/misc/lv_fs.c:456:8:lv_fs_up	24	static
C:/Guna/AUG4/sdk/Core/lvgl/lvgl/src/misc/lv_fs.c:482:14:lv_fs_get_last	24	static
C:/Guna/AUG4/sdk/Core/lvgl/lvgl/src/misc/lv_fs.c:516:21:lv_fs_get_real_path	16	static
