c:\guna\aug4\sdk\core\lvgl\lvgl\src\misc\lv_color.h:439:48:lv_color_mix	32	static
c:\guna\aug4\sdk\core\lvgl\lvgl\src\misc\lv_color.h:475:42:lv_color_premult	24	static
c:\guna\aug4\sdk\core\lvgl\lvgl\src\misc\lv_color.h:500:48:lv_color_mix_premult	32	static
c:\guna\aug4\sdk\core\lvgl\lvgl\src\misc\lv_color.h:595:26:lv_color_make	16	static
c:\guna\aug4\sdk\core\lvgl\lvgl\src\misc\lv_color.h:700:26:lv_color_black	8	static
c:\guna\aug4\sdk\core\lvgl\lvgl\src\misc\lv_area.h:123:26:lv_area_get_width	16	static
c:\guna\aug4\sdk\core\lvgl\lvgl\src\misc\lv_area.h:133:26:lv_area_get_height	16	static
C:/Guna/AUG4/sdk/Core/lvgl/lvgl/src/draw/sw/lv_draw_sw_blend.c:97:6:lv_draw_sw_blend	24	static
C:/Guna/AUG4/sdk/Core/lvgl/lvgl/src/draw/sw/lv_draw_sw_blend.c:110:28:lv_draw_sw_blend_basic	96	static
C:/Guna/AUG4/sdk/Core/lvgl/lvgl/src/draw/sw/lv_draw_sw_blend.c:214:13:fill_set_px	80	static
C:/Guna/AUG4/sdk/Core/lvgl/lvgl/src/draw/sw/lv_draw_sw_blend.c:247:35:fill_normal	80	static
C:/Guna/AUG4/sdk/Core/lvgl/lvgl/src/draw/sw/lv_draw_sw_blend.c:539:13:fill_blended	72	static
C:/Guna/AUG4/sdk/Core/lvgl/lvgl/src/draw/sw/lv_draw_sw_blend.c:610:13:map_set_px	80	static
C:/Guna/AUG4/sdk/Core/lvgl/lvgl/src/draw/sw/lv_draw_sw_blend.c:646:35:map_normal	64	static
C:/Guna/AUG4/sdk/Core/lvgl/lvgl/src/draw/sw/lv_draw_sw_blend.c:886:13:map_blended	72	static
C:/Guna/AUG4/sdk/Core/lvgl/lvgl/src/draw/sw/lv_draw_sw_blend.c:958:26:color_blend_true_color_additive	32	static
C:/Guna/AUG4/sdk/Core/lvgl/lvgl/src/draw/sw/lv_draw_sw_blend.c:1011:26:color_blend_true_color_subtractive	32	static
C:/Guna/AUG4/sdk/Core/lvgl/lvgl/src/draw/sw/lv_draw_sw_blend.c:1037:26:color_blend_true_color_multiply	24	static
