C:/Guna/AUG4/sdk/Core/source/freertos_libraries/freertos_plus/standard/freertos_plus_posix/source/FreeRTOS_POSIX_pthread_cond.c:55:13:prvInitializeStaticCond	16	static
C:/Guna/AUG4/sdk/Core/source/freertos_libraries/freertos_plus/standard/freertos_plus_posix/source/FreeRTOS_POSIX_pthread_cond.c:84:13:prvTestAndDecrement	48	static
C:/Guna/AUG4/sdk/Core/source/freertos_libraries/freertos_plus/standard/freertos_plus_posix/source/FreeRTOS_POSIX_pthread_cond.c:105:5:pthread_cond_broadcast	64	static
C:/Guna/AUG4/sdk/Core/source/freertos_libraries/freertos_plus/standard/freertos_plus_posix/source/FreeRTOS_POSIX_pthread_cond.c:141:5:pthread_cond_destroy	24	static
C:/Guna/AUG4/sdk/Core/source/freertos_libraries/freertos_plus/standard/freertos_plus_posix/source/FreeRTOS_POSIX_pthread_cond.c:153:5:pthread_cond_init	24	static
C:/Guna/AUG4/sdk/Core/source/freertos_libraries/freertos_plus/standard/freertos_plus_posix/source/FreeRTOS_POSIX_pthread_cond.c:182:5:pthread_cond_signal	56	static
C:/Guna/AUG4/sdk/Core/source/freertos_libraries/freertos_plus/standard/freertos_plus_posix/source/FreeRTOS_POSIX_pthread_cond.c:215:5:pthread_cond_timedwait	80	static
C:/Guna/AUG4/sdk/Core/source/freertos_libraries/freertos_plus/standard/freertos_plus_posix/source/FreeRTOS_POSIX_pthread_cond.c:290:5:pthread_cond_wait	16	static
